2024-12-23T12:10:14.134Z 0: 

----------------------------------------------
2024-12-23T12:10:14.140Z 1: Discord starting: {"releaseChannel":"stable","version":"0.0.77"}, modulepath: /home/ysh/.config/discord/0.0.77/modules
2024-12-23T12:10:14.142Z 2: ✅ webContents.created web1 ""
2024-12-23T12:10:14.145Z 3: ✅ window.created win1 "discord"
2024-12-23T12:10:14.402Z 4: ✅ webContents.did-finish-load web1
2024-12-23T12:10:16.994Z 5: before-quit
2024-12-23T12:10:17.002Z 6: window.close win1
2024-12-23T13:11:08.428Z 0: 

----------------------------------------------
2024-12-23T13:11:08.437Z 1: Discord starting: {"releaseChannel":"stable","version":"0.0.77"}, modulepath: /home/ysh/.config/discord/0.0.77/modules
2024-12-23T13:11:08.439Z 2: ✅ webContents.created web1 ""
2024-12-23T13:11:08.440Z 3: ✅ window.created win1 "discord"
2024-12-23T13:11:08.622Z 4: ✅ webContents.did-finish-load web1
2024-12-23T13:11:17.379Z 5: window.close win1
2024-12-23T13:11:17.386Z 6: webContents.destroyed web1
2024-12-23T13:11:51.464Z 0: 

----------------------------------------------
2024-12-23T13:11:51.473Z 1: Discord starting: {"releaseChannel":"stable","version":"0.0.77"}, modulepath: /home/ysh/.config/discord/0.0.77/modules
2024-12-23T13:11:51.474Z 2: ✅ webContents.created web1 ""
2024-12-23T13:11:51.475Z 3: ✅ window.created win1 "discord"
2024-12-23T13:11:51.653Z 4: ✅ webContents.did-finish-load web1
2024-12-23T13:11:53.797Z 5: before-quit
2024-12-23T13:11:53.801Z 6: window.close win1
2024-12-23T13:12:31.984Z 0: 

----------------------------------------------
2024-12-23T13:12:31.998Z 1: Discord starting: {"releaseChannel":"stable","version":"0.0.77"}, modulepath: /home/ysh/.config/discord/0.0.77/modules
2024-12-23T13:12:32.001Z 2: ✅ webContents.created web1 ""
2024-12-23T13:12:32.002Z 3: ✅ window.created win1 "discord"
2024-12-23T13:12:32.255Z 4: ✅ webContents.did-finish-load web1
2024-12-23T13:12:35.456Z 5: window.close win1
2024-12-23T13:12:35.469Z 6: webContents.destroyed web1
2024-12-23T13:12:41.422Z 0: 

----------------------------------------------
2024-12-23T13:12:41.430Z 1: Discord starting: {"releaseChannel":"stable","version":"0.0.77"}, modulepath: /home/ysh/.config/discord/0.0.77/modules
2024-12-23T13:12:41.431Z 2: ✅ webContents.created web1 ""
2024-12-23T13:12:41.432Z 3: ✅ window.created win1 "discord"
2024-12-23T13:12:41.679Z 4: ✅ webContents.did-finish-load web1
2024-12-23T13:12:44.673Z 5: before-quit
2024-12-23T13:12:44.690Z 6: window.close win1
2024-12-23T13:29:58.046Z 0: 

----------------------------------------------
2024-12-23T13:29:58.054Z 1: Discord starting: {"releaseChannel":"stable","version":"0.0.77"}, modulepath: /home/ysh/.config/discord/0.0.77/modules
2024-12-23T13:29:58.055Z 2: ✅ webContents.created web1 ""
2024-12-23T13:29:58.057Z 3: ✅ window.created win1 "discord"
2024-12-23T13:29:58.470Z 4: ✅ webContents.did-finish-load web1
2024-12-23T13:30:10.394Z 5: before-quit
2024-12-23T13:30:10.402Z 6: window.close win1
2024-12-31T13:47:03.417Z 0: 

----------------------------------------------
2024-12-31T13:47:03.424Z 1: Discord starting: {"releaseChannel":"stable","version":"0.0.77"}, modulepath: /home/ysh/.config/discord/0.0.77/modules
2024-12-31T13:47:03.426Z 2: ✅ webContents.created web1 ""
2024-12-31T13:47:03.427Z 3: ✅ window.created win1 "discord"
2024-12-31T13:47:03.675Z 4: ✅ webContents.did-finish-load web1
2024-12-31T13:47:14.224Z 5: window.close win1
2025-01-02T17:04:24.879Z 0: 

----------------------------------------------
2025-01-02T17:04:24.886Z 1: Discord starting: {"releaseChannel":"stable","version":"0.0.77"}, modulepath: /home/ysh/.config/discord/0.0.77/modules
2025-01-02T17:04:24.889Z 2: ✅ webContents.created web1 ""
2025-01-02T17:04:24.890Z 3: ✅ window.created win1 "discord"
2025-01-02T17:04:25.187Z 4: ✅ webContents.did-finish-load web1
2025-01-02T17:04:27.208Z 5: window.close win1
2025-01-02T17:04:27.218Z 6: webContents.destroyed web1
2025-01-02T17:05:04.720Z 0: 

----------------------------------------------
2025-01-02T17:05:04.727Z 1: Discord starting: {"releaseChannel":"stable","version":"0.0.77"}, modulepath: /home/ysh/.config/discord/0.0.77/modules
2025-01-02T17:05:04.730Z 2: ✅ webContents.created web1 ""
2025-01-02T17:05:04.731Z 3: ✅ window.created win1 "discord"
2025-01-02T17:05:04.956Z 4: ✅ webContents.did-finish-load web1
2025-01-02T17:05:05.860Z 5: window.close win1
2025-01-02T17:05:05.871Z 6: webContents.destroyed web1
2025-01-04T07:01:32.635Z 0: 

----------------------------------------------
2025-01-04T07:01:32.641Z 1: Discord starting: {"releaseChannel":"stable","version":"0.0.77"}, modulepath: /home/ysh/.config/discord/0.0.77/modules
2025-01-04T07:01:32.644Z 2: ✅ webContents.created web1 ""
2025-01-04T07:01:32.645Z 3: ✅ window.created win1 "discord"
2025-01-04T07:01:32.950Z 4: ✅ webContents.did-finish-load web1
2025-01-04T07:01:35.219Z 5: window.close win1
2025-01-04T07:01:35.230Z 6: webContents.destroyed web1
