[2025-01-18 13:03:39.280] [info]  App starting with version 4.2.0 (d616ca7) { system: 'linux x64', electron: '33.3.0' }
[2025-01-18 13:03:39.387] [info]                 App is visible: true
[2025-01-18 13:03:40.643] [info]                         App is visible: false
[2025-01-18 13:05:38.458] [info]                         Preventing closure for window with id 1, hiding
[2025-01-18 13:14:35.283] [info]                         ServerLogger Message {
  os: 'unknown',
  platform: 'electron',
  desktopVersion: '4.2.0',
  desktopCPU: '12th Gen Intel(R) Core(TM) i5-12450H',
  desktopRAM: '15G',
  clientEnvironmentData: {
    idbSessionId: '3599ed83-8a55-448b-938f-1f033189b69f',
    version: '23.13.0.1549',
    isElectron: true,
    os: 'windows',
    platform: 'electron',
    userAgent: 'Mozilla/5.0 (X11; Windows x86_64) AppleWebKit/537.36 (KHTML, like Gecko) Notion/4.2.0 Chrome/130.0.6723.152 Electron/33.3.0 Safari/537.36 WantsServiceWorker',
    is_experimental_build: true,
    experiments: {},
    storageUsageEstimate: 57102,
    storageQuotaEstimate: 262799163150,
    desktopOsVersion: 'Unknown',
    desktopKernelVersion: '6.12.4-arch1-1',
    desktopElectronVersion: '33.3.0',
    desktopChromiumVersion: '130.0.6723.152',
    desktopArch: 'x64',
    desktopPlatform: 'linux',
    desktopVersion: '4.2.0',
    userId: '167d872b-594c-811b-8c6e-00023cf75e52'
  },
  environment: 'production',
  data: {
    serviceWorkerMajorVersion: 7,
    serviceWorkerMinorVersion: 0,
    miscDataString: '{"exception":{},"path":"/_assets/experimental/96551-c592db8d2b532f86.js"}'
  },
  level: 'error',
  from: 'serviceWorker',
  type: 'cachePutError'
}
[2025-01-18 13:14:35.782] [info]                         ServerLogger Message {
  os: 'unknown',
  platform: 'electron',
  desktopVersion: '4.2.0',
  desktopCPU: '12th Gen Intel(R) Core(TM) i5-12450H',
  desktopRAM: '15G',
  clientEnvironmentData: {
    idbSessionId: '3599ed83-8a55-448b-938f-1f033189b69f',
    version: '23.13.0.1549',
    isElectron: true,
    os: 'windows',
    platform: 'electron',
    userAgent: 'Mozilla/5.0 (X11; Windows x86_64) AppleWebKit/537.36 (KHTML, like Gecko) Notion/4.2.0 Chrome/130.0.6723.152 Electron/33.3.0 Safari/537.36 WantsServiceWorker',
    is_experimental_build: true,
    experiments: {},
    storageUsageEstimate: 57102,
    storageQuotaEstimate: 262799163150,
    desktopOsVersion: 'Unknown',
    desktopKernelVersion: '6.12.4-arch1-1',
    desktopElectronVersion: '33.3.0',
    desktopChromiumVersion: '130.0.6723.152',
    desktopArch: 'x64',
    desktopPlatform: 'linux',
    desktopVersion: '4.2.0',
    userId: '167d872b-594c-811b-8c6e-00023cf75e52'
  },
  environment: 'production',
  data: {
    serviceWorkerMajorVersion: 7,
    serviceWorkerMinorVersion: 0,
    miscDataString: '{"exception":{},"path":"/_assets/experimental/65705-59248a924f7c1aed.js"}'
  },
  level: 'error',
  from: 'serviceWorker',
  type: 'cachePutError'
}
[2025-01-18 18:56:30.347] [info]                         Quitting...
[2025-01-18 18:56:30.424] [info]                         Window with id 1 closed
